// Jest Snapshot v1, https://goo.gl/fbAQLP

exports[`matches snapshot 1`] = `
<DocumentFragment>
  <form>
    <label
      for="task"
    >
      Add Task
    </label>
    <input
      id="task"
      name="task"
      placeholder="Enter Todo item"
      type="text"
      value=""
    />
    <button>
      Add To List
    </button>
  </form>
  <div>
        
    <ul />
  </div>
</DocumentFragment>
`;
